
> olive@0.1.0 build
> next build

   Γû▓ Next.js 15.3.3
   - Environments: .env

   Creating an optimized production build ...
 Γ£ô Compiled successfully in 17.0s
   Skipping validation of types
   Skipping linting
   Collecting page data ...
   Generating static pages (0/20) ...
   Generating static pages (5/20) 
   Generating static pages (10/20) 
   Generating static pages (15/20) 
 Γ£ô Generating static pages (20/20)
   Finalizing page optimization ...
   Collecting build traces ...

Route (app)                                 Size  First Load JS
Γöî Γùï /                                    19.5 kB         173 kB
Γö£ Γùï /_not-found                            145 B         101 kB
Γö£ Γùï /admin                                116 kB         225 kB
Γö£ Γùï /admin/customers                        5 kB         114 kB
Γö£ Γùï /admin/orders                        4.78 kB         164 kB
Γö£ Γùï /admin/products                      58.9 kB         233 kB
Γö£ ╞Æ /api/pairings                          145 B         101 kB
Γö£ Γùï /cart                                4.87 kB         162 kB
Γö£ Γùï /checkout                            14.9 kB         219 kB
Γö£ Γùï /contact                             5.43 kB         150 kB
Γö£ Γùï /login                               2.07 kB         155 kB
Γö£ Γùï /products                            12.8 kB         198 kB
Γö£ ╞Æ /products/[id]                       12.8 kB         198 kB
Γö£ Γùï /profile/details                     4.31 kB         114 kB
Γö£ Γùï /profile/orders                      2.52 kB         134 kB
Γö£ Γùï /signup                              2.24 kB         155 kB
Γö£ Γùï /story                               2.67 kB         145 kB
Γöö Γùï /wishlist                            4.91 kB         162 kB
+ First Load JS shared by all             101 kB
  Γö£ chunks/1684-f05fafea7ed939da.js      45.8 kB
  Γö£ chunks/4bd1b696-9e1f60bcbcf30dad.js  53.2 kB
  Γöö other shared chunks (total)          2.05 kB


Γùï  (Static)   prerendered as static content
╞Æ  (Dynamic)  server-rendered on demand

Build finished with exit code: 0
